exports[`test renders correctly 1`] = `
<div>
  <h1>
    FAB (Floating Action Button)
  </h1>
  <button
    className="mdc-fab "
    style={
      Object {
        "bottom": "1rem",
        "position": "absolute",
        "right": "1rem",
      }
    }>
    <span
      className="mdc-fab__icon">
      <svg
        height="24"
        viewBox="0 0 24 24"
        width="24"
        xmlns="http://www.w3.org/2000/svg">
        <path
          d="M3 17.25V21h3.75L17.81 9.94l-3.75-3.75L3 17.25zM20.71 7.04c.39-.39.39-1.02 0-1.41l-2.34-2.34c-.39-.39-1.02-.39-1.41 0l-1.83 1.83 3.75 3.75 1.83-1.83z" />
      </svg>
    </span>
  </button>
  <section>
    <fieldset
      disabled={false}>
      <legend>
        Enabled
      </legend>
      <button
        aria-label="favorite_border"
        className="mdc-fab material-icons ">
        <span
          className="mdc-fab__icon">
          favorite_border
        </span>
      </button>
      <button
        aria-label="favorite_border"
        className="mdc-fab mdc-fab--mini material-icons ">
        <span
          className="mdc-fab__icon">
          favorite_border
        </span>
      </button>
      <button
        aria-label="favorite_border"
        className="mdc-fab mdc-fab--plain material-icons ">
        <span
          className="mdc-fab__icon">
          favorite_border
        </span>
      </button>
      <button
        aria-label="favorite_border"
        className="mdc-fab mdc-fab--mini mdc-fab--plain material-icons ">
        <span
          className="mdc-fab__icon">
          favorite_border
        </span>
      </button>
    </fieldset>
    <fieldset
      disabled={true}>
      <legend>
        Disabled
      </legend>
      <button
        aria-label="favorite_border"
        className="mdc-fab material-icons ">
        <span
          className="mdc-fab__icon">
          favorite_border
        </span>
      </button>
      <button
        aria-label="favorite_border"
        className="mdc-fab mdc-fab--mini material-icons ">
        <span
          className="mdc-fab__icon">
          favorite_border
        </span>
      </button>
      <button
        aria-label="favorite_border"
        className="mdc-fab mdc-fab--plain material-icons ">
        <span
          className="mdc-fab__icon">
          favorite_border
        </span>
      </button>
      <button
        aria-label="favorite_border"
        className="mdc-fab mdc-fab--mini mdc-fab--plain material-icons ">
        <span
          className="mdc-fab__icon">
          favorite_border
        </span>
      </button>
    </fieldset>
  </section>
</div>
`;
